module abortpresent:
input I;
output J, K, V;
loop
    abort
        emit J;
        pause;
        emit V;
        pause
    when I;
    present I then
        emit K
    end present
end loop
end module
