---- reaction  GO:true RES:true INIT ----
EMIT J
---- SEL:false K0:false K1:true ----

---- reaction  GO:false RES:true ----
EMIT V
---- SEL:true K0:false K1:true ----

---- reaction  GO:false RES:true ----
EMIT K
EMIT J
---- SEL:false K0:false K1:true ----

---- reaction  GO:false RES:true ----
EMIT V
---- SEL:true K0:false K1:true ----

