module ABRO:
input R, A, B;
output O;
loop
    abort
        [     await A
          ||
              await B ];
        emit O;
        halt
    when R
end loop
end module
