---- reaction  GO:true RES:true INIT ----
---- SEL:false K0:false K1:true ----

---- reaction  GO:false RES:true ----
atom works!
---- SEL:false K0:false K1:true ----

---- reaction  GO:false RES:true ----
atom works!
---- SEL:false K0:false K1:true ----

---- reaction  GO:false RES:true ----
atom works!
---- SEL:false K0:false K1:true ----

---- reaction  GO:false RES:true ----
atom works!
---- SEL:false K0:false K1:true ----

---- reaction  GO:false RES:true ----
atom works!
---- SEL:false K0:false K1:true ----

---- reaction  GO:false RES:true ----
atom works!
---- SEL:false K0:false K1:true ----

---- reaction  GO:false RES:true ----
atom works!
---- SEL:false K0:false K1:true ----

---- reaction  GO:false RES:true ----
atom works!
---- SEL:false K0:false K1:true ----

---- reaction  GO:false RES:true ----
atom works!
---- SEL:false K0:false K1:true ----

---- reaction  GO:false RES:true ----
atom works!
---- SEL:false K0:false K1:true ----

---- reaction  GO:false RES:true ----
atom works!
---- SEL:false K0:false K1:true ----

---- reaction  GO:false RES:true ----
atom works!
---- SEL:false K0:false K1:true ----

---- reaction  GO:false RES:true ----
atom works!
---- SEL:false K0:false K1:true ----

---- reaction  GO:false RES:true ----
atom works!
---- SEL:false K0:false K1:true ----

