atom> ;
--- Output:
atom works! 1 foo bar
atom> ;
--- Output:
atom works! 1 foo bar
atom> ;
--- Output:
atom works! 1 foo bar
atom> ;
--- Output:
atom works! 1 foo bar
atom> ;
--- Output:
atom works! 1 foo bar
atom> ;
--- Output:
atom works! 1 foo bar
atom> ;
--- Output:
atom works! 1 foo bar
atom> ;
--- Output:
atom works! 1 foo bar
atom> ;
--- Output:
atom works! 1 foo bar
atom> ;
--- Output:
