3
3
[ 'A(3)' ]
6
6
[ 'A(6)' ]
9
9
[ 'A(9)' ]
12
12
[ 'A(12)' ]
15
15
[ 'A(15)' ]
