await-par> A;
--- Output:
await-par> ;
--- Output:
await-par> B;
--- Output:
await-par> A;
--- Output: O
await-par> ;
--- Output:
await-par> ;
--- Output:
await-par> B;
--- Output:
await-par> A;
--- Output:
await-par> ;
--- Output:
await-par> A;
--- Output:
await-par> B;
--- Output: O
await-par> ;
--- Output:
