awaitseq> ;
--- Output: 
awaitseq> ;
--- Output: 
awaitseq> B;
--- Output: 
awaitseq> A;
--- Output: 
awaitseq> ;
--- Output: 
awaitseq> ;
--- Output: 
awaitseq> B;
--- Output: O 
awaitseq> ;
--- Output: 
awaitseq> !reset;
--- Automaton awaitseq reset
awaitseq> ;
--- Output: 
awaitseq> ;
--- Output: 
awaitseq> B;
--- Output: 
awaitseq> A;
--- Output: 
awaitseq> ;
--- Output: 
awaitseq> ;
--- Output: 
awaitseq> B;
--- Output: O 
awaitseq> ;
--- Output: 
