!!!!!!!!!!!!!!!!!!!!!!!!!!!!!!!!!!!!!!!!!!!!!!!!!!!!!!!!!
!!! Local___V_S_C___0 undefined
    Emit___V_S_C_go___0 undefined
!!! Nothing___go___0 undefined
    If___and_then___0 undefined
!!! Nothing___go___0 undefined
    If___and_else___0 undefined
!!! If___and_then___0 undefined
    If___testexpr___0 undefined
!!! If___and_else___0 undefined
    If___testexpr___0 undefined
!!! If___testexpr___0 undefined
    Local___V_S_C___0 undefined
!!! If___k0_buffer___0 undefined
    Nothing___go___0 undefined
!!! If___k0_buffer___0 undefined
    Nothing___go___0 undefined
!!! If___k undefined
    If___k0_buffer___0 undefined
    If___k0_buffer___0 undefined
!!! Emit___V_S_C_go___0 undefined
    If___and_then___0 undefined
!!! Nothing___go___0 undefined
    If___and_else___0 undefined
!!! If___go___0 undefined
    If___k undefined
!!! If___and_then___0 undefined
    If___testexpr___0 undefined
    If___go___0 undefined
!!! If___and_else___0 undefined
    If___testexpr___0 undefined
    If___go___0 undefined
!!! If___testexpr___0 undefined
    Local___V_S_i___0 undefined
    If___go___0 undefined
!!! If___k0_buffer___0 undefined
    Emit___V_S_C_go___0 undefined
!!! If___k0_buffer___0 undefined
    Nothing___go___0 undefined
!!! If___k undefined
    If___k0_buffer___0 undefined
    If___k0_buffer___0 undefined
!!! Sequence___k0_buffer___0 undefined
    If___k undefined
!!! Local___k0_buffer___0 undefined
    Sequence___k0_buffer___0 undefined
!!! Local___k0_buffer___0 undefined
    Local___k0_buffer___0 undefined
!!! Module___global_k0 undefined
    Local___k0_buffer___0 undefined
!!!!!!!!!!!!!!!!!!!!!!!!!!!!!!!!!!!!!!!!!!!!!!!!!!!!!!!!!
