Warning: causality cycle of length 6 detected, involving signals B,V_S_C
TypeError: causality cycle of length 6 detected, involving signals B,V_S_C
