Warning: causality cycle of length 3 detected, involving signals I
TypeError: causality cycle of length 3 detected, involving signals I
