*** SYNTAX ERROR
*** [LOC DISABLED --- run hop -g to get location]
*** Missing children.
*** SYNTAX ERROR
*** [LOC DISABLED --- run hop -g to get location]
*** Unexpected attribute: `sig`
*** SYNTAX ERROR
*** [LOC DISABLED --- run hop -g to get location]
*** Expected attribute: `signal`
