Can't set single signal `O' value more that once.
