branch 0
branch 4
[]
branch 4
branch 0
[]
add 1
branch 4
branch 1
branch 0
[]
branch 4
branch 1
branch 0
[]
add 2
branch 2
branch 4
branch 1
branch 0
[]
branch 4
branch 1
branch 0
branch 2
[]
branch 4
branch 1
branch 0
branch 2
[]
add 3
branch 4
branch 1
branch 0
branch 2
branch 3
[]
branch 4
branch 1
branch 0
branch 2
branch 3
[]
branch 4
branch 1
branch 0
branch 2
branch 3
[]
