*** SYNTAX ERROR
*** [LOC DISABLED --- run hop -g to get location]
*** Can't use immediate with count expression.
