example3> ;
--- Output: T
example3> ;
--- Output: T V
example3> ;
--- Output: T V
example3> ;
--- Output: T V
example3> ;
--- Output: T V
example3> A;
--- Output:
example3> ;
--- Output:
example3> ;
--- Output:
example3> ;
--- Output:
example3> ;
--- Output:
example3> ;
--- Output: T
example3> ;
--- Output: T V
example3> ;
--- Output: T V
example3> ;
--- Output: T V
example3> ;
--- Output: T V
abort
    loop
        emit S;
        if S then
            emit T
        end if;
        pause;
        emit V
    end loop
when A
