example2> ;
--- Output: T
example2> ;
--- Output: T V
example2> ;
--- Output: T V
example2> ;
--- Output: T V
example2> ;
--- Output: T V
example2> !reset;
--- Automaton example2 reset
example2> ;
--- Output: T
example2> ;
--- Output: T V
example2> ;
--- Output: T V
example2> ;
--- Output: T V
example2> ;
--- Output: T V
