parallel> ;
--- Output:
parallel> ;
--- Output:
parallel> ;
--- Output:
parallel> ;
--- Output:
