module parallel2:
output J;
signal I in
        present I then
            emit J
        end present
    ||
        emit I
end signal
end module
