parallel2> ;
--- Output: J
parallel2> ;
--- Output:
parallel2> ;
--- Output:
parallel2> ;
--- Output: J
    if I then
        emit J
    end if
||
    emit I
