example1> ;
--- Output: 
example1> ;
--- Output: T 
example1> ;
--- Output: 
example1> ;
--- Output: 
example1> ;
--- Output: 
example1> !reset;
--- Automaton example1 reset
example1> ;
--- Output: 
example1> ;
--- Output: T 
example1> ;
--- Output: 
example1> ;
--- Output: 
example1> ;
--- Output: 
