module example3:
input A;
output T, V;
abort
    signal S in
        loop
            emit S;
            present S then
                emit T
            end present;
            pause;
            emit V
        end loop
    end signal
when A
end module
