--- TEST 1 ---
[]
   will trigger exec
   exec started 100 |
   exec started 200 |
IN(|) --> []
[]
   exec returns 100 |
[ 'OUT1("|--|100")' ]
   exec returns 200 |
[ 'OUT2("|--|200")' ]
--- TEST 2 ---
   will trap
   will trigger exec
   exec started 100 |
   exec started 200 |
IN(|) --> []
[]
   exec returns 100 |
   exec returns 200 |
[ 'OUT1("|--|100")', 'OUT2("|--|200")' ]
[]
--- TEST 3 ---
   will trap
   will trigger exec
   exec started 100 |1|
   exec started 200 |1|
IN(|1|) --> []
   will trap
   will trigger exec
   exec started 100 |2|
   exec started 200 |2|
IN(|2|) --> []
   exec returns 100 |1|
[]
   exec returns 100 |2|
   exec returns 200 |1|
   exec returns 200 |2|
[ 'OUT1("|2|--|100")', 'OUT2("|2|--|200")' ]
--- TEST 4 ---
   will trap
   will trigger exec
   exec started 300 LONGWAIT
   exec started 600 LONGWAIT
IN(LONGWAIT) --> []
   will trap
   will trigger exec
   exec started 100 |2|
   exec started 200 |2|
IN(|2|) --> []
   exec returns 100 |2|
   exec returns 200 |2|
   exec returns 300 LONGWAIT
   exec returns 600 LONGWAIT
[ 'OUT1("|2|--|100")', 'OUT2("|2|--|200")' ]
