*** SIGNAL ERROR on signal `O`
*** [LOC DISABLED --- run hop -g to get location]
*** Can't get current value of a signal to update itself.
