1 '*** SYNTAX ERROR\n*** [LOC DISABLED --- run hop -g to get location]\n*** A signal accessor is immutable. (You may want to use EMIT instead?)'
2 '*** SYNTAX ERROR\n*** [LOC DISABLED --- run hop -g to get location]\n*** A signal accessor is immutable. (You may want to use EMIT instead?)'
3 '*** SYNTAX ERROR\n*** [LOC DISABLED --- run hop -g to get location]\n*** A signal accessor is immutable. (You may want to use EMIT instead?)'
