*** RUNTIME ERROR
*** /home/colin/phd/hiphop/tests/instantaneous-loop.js:119
*** Instantaneous loop on incarnation 0.
