nothingpar> ;
--- Output:
nothingpar> ;
--- Output:
nothingpar> ;
--- Output:
nothingpar> !reset;
--- Automaton nothingpar reset
nothingpar> ;
--- Output:
nothingpar> ;
--- Output:
