[ 'AUX(246)', 'O(5)' ]
[ 'AUX(1)', 'O(12)' ]
[ 'AUX(1)', 'O(26)' ]
[ 'AUX(1)', 'O(54)' ]
