P18> ;
--- Output: not_S1_and_not_S2
P18> ;
--- Output: not_S1_and_not_S2
P18> ;
--- Output: not_S1_and_not_S2
P18> ;
--- Output: not_S1_and_not_S2
