not suspended!
will exit
[]
---------------------
not suspended!
will exit
[]
---------------------
[ 'S', 'E' ]
---------------------
[ 'E' ]
---------------------
[ 'E' ]
---------------------
not suspended!
will exit
[ 'R' ]
---------------------
not suspended!
will exit
[]
---------------------
not suspended!
will exit
[]
---------------------
