*** RUNTIME ERROR
*** [LOC DISABLED --- run hop -g to get location]
*** Instantaneous loop on incarnation 0.
