emit A;
trap U in
    trap T in
        exit T;
        emit B
    end trap;
    exit U;
    emit C
end trap;
emit D
